../Core/Src/main.c:116:5:main	128	static
../Core/Src/main.c:208:6:SystemClock_Config	88	static
../Core/Src/main.c:255:13:MX_ADC1_Init	24	static
../Core/Src/main.c:316:13:MX_I2C1_Init	8	static
../Core/Src/main.c:350:13:MX_I2C3_Init	8	static
../Core/Src/main.c:384:13:MX_USART1_UART_Init	8	static
../Core/Src/main.c:417:13:MX_USART2_UART_Init	8	static
../Core/Src/main.c:448:13:MX_DMA_Init	16	static
../Core/Src/main.c:479:13:MX_GPIO_Init	48	static
../Core/Src/main.c:519:6:HAL_UART_RxCpltCallback	16	static
../Core/Src/main.c:534:6:StartDefaultTask	16	static
../Core/Src/main.c:552:6:StartToESP	184	static
../Core/Src/main.c:603:6:StartFromESP	48	static
../Core/Src/main.c:674:6:StartDispScreen	16	static
../Core/Src/main.c:695:6:HAL_TIM_PeriodElapsedCallback	16	static
../Core/Src/main.c:712:6:Error_Handler	4	static,ignoring_inline_asm
