../Core/Src/main.c:124:5:main	128	static
../Core/Src/main.c:220:6:SystemClock_Config	88	static
../Core/Src/main.c:267:13:MX_ADC1_Init	24	static
../Core/Src/main.c:328:13:MX_I2C1_Init	8	static
../Core/Src/main.c:362:13:MX_I2C3_Init	8	static
../Core/Src/main.c:396:13:MX_USART1_UART_Init	8	static
../Core/Src/main.c:429:13:MX_USART2_UART_Init	8	static
../Core/Src/main.c:460:13:MX_DMA_Init	16	static
../Core/Src/main.c:491:13:MX_GPIO_Init	48	static
../Core/Src/main.c:531:6:HAL_UART_RxCpltCallback	16	static
../Core/Src/main.c:577:6:StartDefaultTask	16	static
../Core/Src/main.c:595:6:StartToESP	184	static
../Core/Src/main.c:633:6:StartFromESP	48	static
../Core/Src/main.c:688:6:StartDispScreen	16	static
../Core/Src/main.c:710:6:HAL_TIM_PeriodElapsedCallback	16	static
../Core/Src/main.c:727:6:Error_Handler	4	static,ignoring_inline_asm
